<area shape="rect" id="node3" href="$class_code_reflection_function.html#fac80923f7b3c20b2373b50bb2116287" title="createFunctionContentCode" alt="" coords="123,5,299,32">
<area shape="rect" id="node7" href="$class_code_reflection_function.html#50033a1ad949372dc9cd146843ffbdae" title="createFunctionHeaderCode" alt="" coords="124,56,297,83">
<area shape="rect" id="node5" href="$class_code_reflection_file.html#812ea520bce2f3c079e273a0db5c2583" title="CodeReflectionFile::getCodeInstrFileName" alt="" coords="348,5,604,32">
<area shape="rect" id="node9" href="$class_code_reflection_function.html#bcae75d179d0d3b4c5d5aafcd3f3bcdc" title="createParametersCode" alt="" coords="401,56,551,83">
<area shape="rect" id="node15" href="$class_coruja_string_manipulation.html#edaa7f09264ccb66dfd8f12cb8c4b8f6" title="CorujaStringManipulation::retab" alt="" coords="379,107,573,133">
<area shape="rect" id="node11" href="$class_extended_reflection_function.html#015cb52e5774a1972d296c9694d2a3c3" title="ExtendedReflectionFunction::getParameters" alt="" coords="655,56,916,83">
<area shape="rect" id="node13" href="$class_extended_reflection_function.html#98ceb248f2b535a3a83ac2e7990e0c1f" title="ExtendedReflectionFunction::createExtendedReflectionParameter" alt="" coords="965,56,1344,83">
