<area shape="rect" id="node3" href="$class_code_reflection_method.html#3d517292204047acfc6bb54cc09a38e3" title="createMethodHeaderCode" alt="" coords="320,5,485,32">
<area shape="rect" id="node7" href="$class_code_instrumentation_method.html#3d517292204047acfc6bb54cc09a38e3" title="CodeInstrumentationMethod::createMethodHeaderCode" alt="" coords="239,56,567,83">
<area shape="rect" id="node9" href="$class_code_instrumentation_method.html#bd8673f90786848f90fb3c0940c604a6" title="CodeInstrumentationMethod::getCallCodeInstrFunctionHeaderCode" alt="" coords="205,107,600,133">
<area shape="rect" id="node5" href="$class_code_reflection_method.html#b5e24da53b4a0d0848b18c1e832f47ff" title="getCode" alt="" coords="792,5,859,32">
<area shape="rect" id="node11" href="$class_code_instrumentation_method.html#5df850508e727984f62860b6987991c0" title="CodeInstrumentationMethod::getCallCodeInstrFunctionCode" alt="" coords="649,107,1001,133">
<area shape="rect" id="node13" href="$class_code_instrumentation_method.html#b5e24da53b4a0d0848b18c1e832f47ff" title="CodeInstrumentationMethod::getCode" alt="" coords="1052,107,1281,133">
