<area shape="rect" id="node3" href="$class_code_to_diagram.html#14610b43e210992a460d7eebbbe3c167" title="CodeToDiagramRequire" alt="" coords="240,107,397,133">
<area shape="rect" id="node30" href="$class_code_to_diagram.html#e4efdbde4a95c06ac22d842b8d56a1de" title="hasFile" alt="" coords="288,157,349,184">
<area shape="rect" id="node5" href="$class_code_to_diagram.html#46cc51b5da83819fed739bd1d8b1d2ca" title="loadFile" alt="" coords="447,107,511,133">
<area shape="rect" id="node7" href="$class_code_to_diagram.html#5ddaedacfee2008cacee41a47363e7fa" title="addFile" alt="" coords="647,5,708,32">
<area shape="rect" id="node9" href="$class_code_to_diagram.html#ba72ffc8b4aeabbd33a7206c395ede18" title="fixFileName" alt="" coords="884,5,969,32">
<area shape="rect" id="node11" href="$class_code_to_diagram.html#39823f54aa950aa83d7f0786ae2d2922" title="codeInstrumentationFile" alt="" coords="600,107,755,133">
<area shape="rect" id="node19" href="$class_code_to_diagram.html#4ae436da9e8fe29b6ce2aa543212fa72" title="convertFileContent" alt="" coords="616,157,739,184">
<area shape="rect" id="node28" href="$class_coruja_file_manipulation.html#56545f86fdff2e9b63465549644a1d75" title="CorujaFileManipulation::isRelativePath" alt="" coords="561,208,793,235">
<area shape="rect" id="node13" href="$class_code_to_diagram.html#ec172f2211fc097efa89f3546c0bd308" title="codeInstrumentationClass" alt="" coords="843,56,1011,83">
<area shape="rect" id="node17" href="$class_code_to_diagram.html#5300582d74e4550799d8bc8dffb4af19" title="preloadFile" alt="" coords="885,107,968,133">
<area shape="rect" id="node15" href="$class_code_to_diagram.html#2d9bbf465fc0ace643bef01690a3336a" title="codeInstrumentationLine" alt="" coords="1060,56,1217,83">
<area shape="rect" id="node21" href="$class_code_to_diagram.html#a8c839c9d33ebad153541a31ffc7ef3e" title="getCallerPath" alt="" coords="879,157,975,184">
<area shape="rect" id="node23" href="$class_code_to_diagram.html#c93fbec81f07e5d15f80db907e63dc10" title="getInstance" alt="" coords="884,208,969,235">
<area shape="rect" id="node25" href="$class_code_to_diagram.html#177cc628e31a482237aed841078a122f" title="getStarted" alt="" coords="888,259,965,285">
