<area shape="rect" id="node3" href="$class_code_reflection_method.html#17316de2d114d63b0c66ce8c81cb948e" title="CodeReflectionMethod::createModifiersCode" alt="" coords="229,5,496,32">
<area shape="rect" id="node5" href="$class_code_reflection_method.html#bcae75d179d0d3b4c5d5aafcd3f3bcdc" title="CodeReflectionMethod::createParametersCode" alt="" coords="223,56,503,83">
<area shape="rect" id="node15" href="$class_code_instrumentation_method.html#6e2855870a7381176413aa24a2fbfd43" title="getNewName" alt="" coords="315,107,411,133">
<area shape="rect" id="node17" href="$class_coruja_string_manipulation.html#edaa7f09264ccb66dfd8f12cb8c4b8f6" title="CorujaStringManipulation::retab" alt="" coords="265,157,460,184">
<area shape="rect" id="node7" href="$class_extended_reflection_method.html#015cb52e5774a1972d296c9694d2a3c3" title="ExtendedReflectionMethod::getParameters" alt="" coords="552,56,808,83">
<area shape="rect" id="node9" href="$class_extended_reflection_method.html#98ceb248f2b535a3a83ac2e7990e0c1f" title="ExtendedReflectionMethod::createExtendedReflectionParameter" alt="" coords="857,56,1228,83">
<area shape="rect" id="node11" href="$class_extended_reflection_method.html#acff3f8d93cc250281f0f73bff3422e1" title="ExtendedReflectionMethod::getDeclaringClass" alt="" coords="1279,56,1553,83">
<area shape="rect" id="node13" href="$class_extended_reflection_method.html#6b56ec198bc6a5b5a72076e4e7c19e29" title="ExtendedReflectionMethod::createExtendedReflectionClass" alt="" coords="1603,56,1949,83">
