<area shape="rect" id="node3" href="$class_coruja_string_manipulation_test.html#6ba9d3e266cdfc669d7904795602db0d" title="CorujaStringManipulationTest::testStrToBool" alt="" coords="136,5,400,32">
<area shape="rect" id="node5" href="$class_coruja_string_manipulation_test.html#68caed8655cf92e49e562fc00625b76e" title="CorujaStringManipulationTest::testStrToBool10" alt="" coords="129,56,407,83">
<area shape="rect" id="node7" href="$class_coruja_string_manipulation_test.html#5ebaf5984de13c29f0171a270686bb51" title="CorujaStringManipulationTest::testStrToBool11" alt="" coords="129,107,407,133">
<area shape="rect" id="node9" href="$class_coruja_string_manipulation_test.html#cf9704596987fd7a711ff3efaaaaf8c6" title="CorujaStringManipulationTest::testStrToBool12" alt="" coords="129,157,407,184">
<area shape="rect" id="node11" href="$class_coruja_string_manipulation_test.html#e43a3b51d6e27bc7600ded153c1f2f7f" title="CorujaStringManipulationTest::testStrToBool2" alt="" coords="132,208,404,235">
<area shape="rect" id="node13" href="$class_coruja_string_manipulation_test.html#dc99487f3aea88d98e3d7c6ce24130e4" title="CorujaStringManipulationTest::testStrToBool3" alt="" coords="132,259,404,285">
<area shape="rect" id="node15" href="$class_coruja_string_manipulation_test.html#1e5d231a226f2fdf80ea7f4318362477" title="CorujaStringManipulationTest::testStrToBool4" alt="" coords="132,309,404,336">
<area shape="rect" id="node17" href="$class_coruja_string_manipulation_test.html#a23a98078ee7b539a76def263a56e32b" title="CorujaStringManipulationTest::testStrToBool5" alt="" coords="132,360,404,387">
<area shape="rect" id="node19" href="$class_coruja_string_manipulation_test.html#69c87bb16246b88a4ada9edd20b358b3" title="CorujaStringManipulationTest::testStrToBool6" alt="" coords="132,411,404,437">
<area shape="rect" id="node21" href="$class_coruja_string_manipulation_test.html#7f4c2f5020265f3cc1ea93c246093e39" title="CorujaStringManipulationTest::testStrToBool7" alt="" coords="132,461,404,488">
<area shape="rect" id="node23" href="$class_coruja_string_manipulation_test.html#f5486fbb3bfa9f83b9d54f3adc759b12" title="CorujaStringManipulationTest::testStrToBool8" alt="" coords="132,512,404,539">
<area shape="rect" id="node25" href="$class_coruja_string_manipulation_test.html#79af956835fa8fd185d207c90f4074d0" title="CorujaStringManipulationTest::testStrToBool9" alt="" coords="132,563,404,589">
