<area shape="rect" id="node3" href="$class_code_reflection_method.html#e38c2891dc093dabb6b363a4de9ac495" title="createMethodContentCode" alt="" coords="123,19,291,45">
<area shape="rect" id="node7" href="$class_code_reflection_method.html#3d517292204047acfc6bb54cc09a38e3" title="createMethodHeaderCode" alt="" coords="124,95,289,121">
<area shape="rect" id="node5" href="$class_code_reflection_file.html#812ea520bce2f3c079e273a0db5c2583" title="CodeReflectionFile::getCodeInstrFileName" alt="" coords="340,5,596,32">
<area shape="rect" id="node9" href="$class_code_reflection_method.html#17316de2d114d63b0c66ce8c81cb948e" title="createModifiersCode" alt="" coords="400,56,536,83">
<area shape="rect" id="node11" href="$class_code_reflection_method.html#bcae75d179d0d3b4c5d5aafcd3f3bcdc" title="createParametersCode" alt="" coords="393,107,543,133">
<area shape="rect" id="node21" href="$class_coruja_string_manipulation.html#edaa7f09264ccb66dfd8f12cb8c4b8f6" title="CorujaStringManipulation::retab" alt="" coords="371,157,565,184">
<area shape="rect" id="node13" href="$class_extended_reflection_method.html#015cb52e5774a1972d296c9694d2a3c3" title="ExtendedReflectionMethod::getParameters" alt="" coords="645,107,901,133">
<area shape="rect" id="node15" href="$class_extended_reflection_method.html#98ceb248f2b535a3a83ac2e7990e0c1f" title="ExtendedReflectionMethod::createExtendedReflectionParameter" alt="" coords="951,107,1321,133">
<area shape="rect" id="node17" href="$class_extended_reflection_method.html#acff3f8d93cc250281f0f73bff3422e1" title="ExtendedReflectionMethod::getDeclaringClass" alt="" coords="1372,107,1647,133">
<area shape="rect" id="node19" href="$class_extended_reflection_method.html#6b56ec198bc6a5b5a72076e4e7c19e29" title="ExtendedReflectionMethod::createExtendedReflectionClass" alt="" coords="1696,107,2043,133">
