<area shape="rect" id="node3" href="$class_code_reflection_method.html#17316de2d114d63b0c66ce8c81cb948e" title="createModifiersCode" alt="" coords="251,5,387,32">
<area shape="rect" id="node5" href="$class_code_reflection_method.html#bcae75d179d0d3b4c5d5aafcd3f3bcdc" title="createParametersCode" alt="" coords="244,56,393,83">
<area shape="rect" id="node15" href="$class_coruja_string_manipulation.html#edaa7f09264ccb66dfd8f12cb8c4b8f6" title="CorujaStringManipulation::retab" alt="" coords="221,107,416,133">
<area shape="rect" id="node7" href="$class_extended_reflection_method.html#015cb52e5774a1972d296c9694d2a3c3" title="ExtendedReflectionMethod::getParameters" alt="" coords="464,56,720,83">
<area shape="rect" id="node9" href="$class_extended_reflection_method.html#98ceb248f2b535a3a83ac2e7990e0c1f" title="ExtendedReflectionMethod::createExtendedReflectionParameter" alt="" coords="769,56,1140,83">
<area shape="rect" id="node11" href="$class_extended_reflection_method.html#acff3f8d93cc250281f0f73bff3422e1" title="ExtendedReflectionMethod::getDeclaringClass" alt="" coords="1191,56,1465,83">
<area shape="rect" id="node13" href="$class_extended_reflection_method.html#6b56ec198bc6a5b5a72076e4e7c19e29" title="ExtendedReflectionMethod::createExtendedReflectionClass" alt="" coords="1515,56,1861,83">
