<area shape="rect" id="node3" href="$class_code_instrumentation_receiver.html#9e9c5a8aaabb5839bd53f2a4bf8738e1" title="CodeInstrumentationReceiver::onEnterMethod" alt="" coords="419,5,693,32">
<area shape="rect" id="node5" href="$class_code_instrumentation_receiver.html#857c9dfbe06ad7cd878585408b1c3d98" title="CodeInstrumentationReceiver::onLeaveMethod" alt="" coords="417,56,695,83">
<area shape="rect" id="node7" href="$class_coruja_class_manipulation_test.html#b6590619b10123f5b485b45210d3092a" title="CorujaClassManipulationTest::testGetNamespaceFromClassDefinitionWithAnyString" alt="" coords="312,107,800,133">
<area shape="rect" id="node9" href="$class_coruja_class_manipulation_test.html#cac851e4a7cb237758fa7a9522c1f1c7" title="CorujaClassManipulationTest::testGetNamespaceFromClassDefinitionWithNormalClassDefinition" alt="" coords="275,157,837,184">
<area shape="rect" id="node11" href="$class_coruja_class_manipulation_test.html#e7c02c14ae225332ea595bb2b5466ad8" title="CorujaClassManipulationTest::testGetNamespaceFromClassDefinitionWithNullString" alt="" coords="311,208,801,235">
