<area shape="rect" id="node3" href="$class_code_to_diagram.html#f51b27f0764b66ac0d52a47399286180" title="CodeToDiagramRequireOnce" alt="" coords="99,144,285,171">
<area shape="rect" id="node23" href="$class_code_to_diagram.html#a8c839c9d33ebad153541a31ffc7ef3e" title="getCallerPath" alt="" coords="972,220,1068,247">
<area shape="rect" id="node25" href="$class_code_to_diagram.html#c93fbec81f07e5d15f80db907e63dc10" title="getInstance" alt="" coords="977,309,1063,336">
<area shape="rect" id="node27" href="$class_code_to_diagram.html#177cc628e31a482237aed841078a122f" title="getStarted" alt="" coords="981,360,1059,387">
<area shape="rect" id="node35" href="$class_code_to_diagram.html#8fea886bcd0b31bd46eca66b26dd18b8" title="getFileFrom" alt="" coords="148,448,236,475">
<area shape="rect" id="node38" href="$class_code_to_diagram.html#74df99a19bc54d630a15e1778144eb31" title="getPublicPath" alt="" coords="144,499,240,525">
<area shape="rect" id="node5" href="$class_code_to_diagram.html#14610b43e210992a460d7eebbbe3c167" title="CodeToDiagramRequire" alt="" coords="333,93,491,120">
<area shape="rect" id="node32" href="$class_code_to_diagram.html#e4efdbde4a95c06ac22d842b8d56a1de" title="hasFile" alt="" coords="381,144,443,171">
<area shape="rect" id="node7" href="$class_code_to_diagram.html#46cc51b5da83819fed739bd1d8b1d2ca" title="loadFile" alt="" coords="540,119,604,145">
<area shape="rect" id="node9" href="$class_code_to_diagram.html#5ddaedacfee2008cacee41a47363e7fa" title="addFile" alt="" coords="740,93,801,120">
<area shape="rect" id="node11" href="$class_code_to_diagram.html#ba72ffc8b4aeabbd33a7206c395ede18" title="fixFileName" alt="" coords="977,132,1063,159">
<area shape="rect" id="node13" href="$class_code_to_diagram.html#39823f54aa950aa83d7f0786ae2d2922" title="codeInstrumentationFile" alt="" coords="693,43,848,69">
<area shape="rect" id="node21" href="$class_code_to_diagram.html#4ae436da9e8fe29b6ce2aa543212fa72" title="convertFileContent" alt="" coords="709,245,832,272">
<area shape="rect" id="node30" href="$class_coruja_file_manipulation.html#56545f86fdff2e9b63465549644a1d75" title="CorujaFileManipulation::isRelativePath" alt="" coords="655,296,887,323">
<area shape="rect" id="node15" href="$class_code_to_diagram.html#ec172f2211fc097efa89f3546c0bd308" title="codeInstrumentationClass" alt="" coords="936,56,1104,83">
<area shape="rect" id="node19" href="$class_code_to_diagram.html#5300582d74e4550799d8bc8dffb4af19" title="preloadFile" alt="" coords="979,5,1061,32">
<area shape="rect" id="node17" href="$class_code_to_diagram.html#2d9bbf465fc0ace643bef01690a3336a" title="codeInstrumentationLine" alt="" coords="1153,56,1311,83">
