<area shape="rect" id="node3" href="$class_code_reflection_function.html#50033a1ad949372dc9cd146843ffbdae" title="CodeReflectionFunction::createFunctionHeaderCode" alt="" coords="145,5,457,32">
<area shape="rect" id="node7" href="$class_code_reflection_method.html#3d517292204047acfc6bb54cc09a38e3" title="CodeReflectionMethod::createMethodHeaderCode" alt="" coords="153,56,449,83">
<area shape="rect" id="node11" href="$class_code_instrumentation_method.html#3d517292204047acfc6bb54cc09a38e3" title="CodeInstrumentationMethod::createMethodHeaderCode" alt="" coords="137,107,465,133">
<area shape="rect" id="node13" href="$class_code_instrumentation_method.html#bd8673f90786848f90fb3c0940c604a6" title="CodeInstrumentationMethod::getCallCodeInstrFunctionHeaderCode" alt="" coords="104,157,499,184">
<area shape="rect" id="node19" href="$class_code_reflection_property.html#b5e24da53b4a0d0848b18c1e832f47ff" title="CodeReflectionProperty::getCode" alt="" coords="200,208,403,235">
<area shape="rect" id="node5" href="$class_code_reflection_function.html#b5e24da53b4a0d0848b18c1e832f47ff" title="CodeReflectionFunction::getCode" alt="" coords="621,5,827,32">
<area shape="rect" id="node9" href="$class_code_reflection_method.html#b5e24da53b4a0d0848b18c1e832f47ff" title="CodeReflectionMethod::getCode" alt="" coords="624,56,824,83">
<area shape="rect" id="node15" href="$class_code_instrumentation_method.html#5df850508e727984f62860b6987991c0" title="CodeInstrumentationMethod::getCallCodeInstrFunctionCode" alt="" coords="548,157,900,184">
<area shape="rect" id="node17" href="$class_code_instrumentation_method.html#b5e24da53b4a0d0848b18c1e832f47ff" title="CodeInstrumentationMethod::getCode" alt="" coords="951,157,1180,184">
