<area shape="rect" id="node3" href="$class_code_reflection_function.html#fac80923f7b3c20b2373b50bb2116287" title="CodeReflectionFunction::createFunctionContentCode" alt="" coords="209,5,521,32">
<area shape="rect" id="node7" href="$class_code_reflection_method.html#e38c2891dc093dabb6b363a4de9ac495" title="CodeReflectionMethod::createMethodContentCode" alt="" coords="216,56,515,83">
<area shape="rect" id="node13" href="$class_code_instrumentation_method.html#e38c2891dc093dabb6b363a4de9ac495" title="CodeInstrumentationMethod::createMethodContentCode" alt="" coords="200,107,531,133">
<area shape="rect" id="node5" href="$class_code_reflection_function.html#b5e24da53b4a0d0848b18c1e832f47ff" title="CodeReflectionFunction::getCode" alt="" coords="597,5,803,32">
<area shape="rect" id="node9" href="$class_code_reflection_method.html#b5e24da53b4a0d0848b18c1e832f47ff" title="CodeReflectionMethod::getCode" alt="" coords="600,56,800,83">
<area shape="rect" id="node11" href="$class_code_reflection_method.html#5796d91d5436d3d7e80b65f0913f1873" title="CodeReflectionMethod::getCodeContent" alt="" coords="579,107,821,133">
