<area shape="rect" id="node3" href="$class_coruja_string_manipulation_test.html#e0bbe1a9e75c255feb3610baa5ac4f53" title="CorujaStringManipulationTest::testForceInt" alt="" coords="123,5,376,32">
<area shape="rect" id="node5" href="$class_coruja_string_manipulation_test.html#a5046ef7ceda55e25c509426591ec617" title="CorujaStringManipulationTest::testForceInt10" alt="" coords="116,56,383,83">
<area shape="rect" id="node7" href="$class_coruja_string_manipulation_test.html#443aee77ee9e70479a8b3ca19c7b0fd7" title="CorujaStringManipulationTest::testForceInt11" alt="" coords="116,107,383,133">
<area shape="rect" id="node9" href="$class_coruja_string_manipulation_test.html#c00aa102030546f5d06681b1ba8fa6d0" title="CorujaStringManipulationTest::testForceInt12" alt="" coords="116,157,383,184">
<area shape="rect" id="node11" href="$class_coruja_string_manipulation_test.html#5b51f50b312633754e5ee53c3c86efb3" title="CorujaStringManipulationTest::testForceInt13" alt="" coords="116,208,383,235">
<area shape="rect" id="node13" href="$class_coruja_string_manipulation_test.html#015889d37ccc0aeef9b0a4785e05244f" title="CorujaStringManipulationTest::testForceInt14" alt="" coords="116,259,383,285">
<area shape="rect" id="node15" href="$class_coruja_string_manipulation_test.html#52d30a5381c871aaa653d6509ff04e86" title="CorujaStringManipulationTest::testForceInt2" alt="" coords="119,309,380,336">
<area shape="rect" id="node17" href="$class_coruja_string_manipulation_test.html#d1694a0a9e26a7d7e67d23646e8a69a8" title="CorujaStringManipulationTest::testForceInt3" alt="" coords="119,360,380,387">
<area shape="rect" id="node19" href="$class_coruja_string_manipulation_test.html#dd64dad9b01f0a7a13252030089ee39b" title="CorujaStringManipulationTest::testForceInt4" alt="" coords="119,411,380,437">
<area shape="rect" id="node21" href="$class_coruja_string_manipulation_test.html#f122f743ccb289799fdf74a85a197056" title="CorujaStringManipulationTest::testForceInt5" alt="" coords="119,461,380,488">
<area shape="rect" id="node23" href="$class_coruja_string_manipulation_test.html#cbf475b9875a4f6fba120219b9be4855" title="CorujaStringManipulationTest::testForceInt6" alt="" coords="119,512,380,539">
<area shape="rect" id="node25" href="$class_coruja_string_manipulation_test.html#60d61c4ca1e3dc5ed97b58a592075cbb" title="CorujaStringManipulationTest::testForceInt7" alt="" coords="119,563,380,589">
<area shape="rect" id="node27" href="$class_coruja_string_manipulation_test.html#e6516654233581dabace64bd33858c44" title="CorujaStringManipulationTest::testForceInt8" alt="" coords="119,613,380,640">
<area shape="rect" id="node29" href="$class_coruja_string_manipulation_test.html#3912276169508fc05c0345e2a533c79d" title="CorujaStringManipulationTest::testForceInt9" alt="" coords="119,664,380,691">
