<area shape="rect" id="node3" href="$class_coruja_string_manipulation_test.html#67aeee0f177c1943fda00d85a21cf72a" title="CorujaStringManipulationTest::testCamelCaseToUnderlineCase" alt="" coords="244,5,620,32">
<area shape="rect" id="node5" href="$class_coruja_string_manipulation_test.html#eb3cfc94f9036a82f22dbad35e4696e4" title="CorujaStringManipulationTest::testCamelCaseToUnderlineCase10" alt="" coords="237,56,627,83">
<area shape="rect" id="node7" href="$class_coruja_string_manipulation_test.html#f81b71fb9c2990dcc730540ae42ae84b" title="CorujaStringManipulationTest::testCamelCaseToUnderlineCase2" alt="" coords="241,107,623,133">
<area shape="rect" id="node9" href="$class_coruja_string_manipulation_test.html#28582182f36bf5c3b16b4abae513f484" title="CorujaStringManipulationTest::testCamelCaseToUnderlineCase3" alt="" coords="241,157,623,184">
<area shape="rect" id="node11" href="$class_coruja_string_manipulation_test.html#831b1d10e8ebec07238c2149417df3b5" title="CorujaStringManipulationTest::testCamelCaseToUnderlineCase4" alt="" coords="241,208,623,235">
<area shape="rect" id="node13" href="$class_coruja_string_manipulation_test.html#5472d5a7ebdb46d7730f415a7d4a9c8d" title="CorujaStringManipulationTest::testCamelCaseToUnderlineCase5" alt="" coords="241,259,623,285">
<area shape="rect" id="node15" href="$class_coruja_string_manipulation_test.html#25efbbc54e2501dc4fa6efa523bc5d4c" title="CorujaStringManipulationTest::testCamelCaseToUnderlineCase6" alt="" coords="241,309,623,336">
<area shape="rect" id="node17" href="$class_coruja_string_manipulation_test.html#adcd219254d8ac6b440f06411bcfb3c9" title="CorujaStringManipulationTest::testCamelCaseToUnderlineCase7" alt="" coords="241,360,623,387">
<area shape="rect" id="node19" href="$class_coruja_string_manipulation_test.html#bea69f550b604aa6e0e59393a80f73f7" title="CorujaStringManipulationTest::testCamelCaseToUnderlineCase8" alt="" coords="241,411,623,437">
<area shape="rect" id="node21" href="$class_coruja_string_manipulation_test.html#fd8d991d47ccc9df25b510d8ffaac893" title="CorujaStringManipulationTest::testCamelCaseToUnderlineCase9" alt="" coords="241,461,623,488">
