<area shape="rect" id="node3" href="$class_code_to_diagram.html#4ae436da9e8fe29b6ce2aa543212fa72" title="convertFileContent" alt="" coords="132,56,255,83">
<area shape="rect" id="node13" href="$class_code_to_diagram.html#f8fa59992209e36dccb3eefb0f75531f" title="start" alt="" coords="872,81,917,108">
<area shape="rect" id="node15" href="$class_code_to_diagram.html#f20af03286d73d30d03d593cc88babd9" title="init" alt="" coords="175,157,212,184">
<area shape="rect" id="node17" href="$class_code_to_diagram.html#fc8a3c62679cf00ade9f15fb2a6d6132" title="save" alt="" coords="169,208,217,235">
<area shape="rect" id="node5" href="$class_code_to_diagram.html#46cc51b5da83819fed739bd1d8b1d2ca" title="loadFile" alt="" coords="312,56,376,83">
<area shape="rect" id="node7" href="$class_code_to_diagram.html#cbf7ee26453936ec8211ff606f3ed6d3" title="CodeToDiagramInclude" alt="" coords="435,5,587,32">
<area shape="rect" id="node9" href="$class_code_to_diagram.html#14610b43e210992a460d7eebbbe3c167" title="CodeToDiagramRequire" alt="" coords="432,56,589,83">
<area shape="rect" id="node11" href="$class_code_to_diagram.html#f51b27f0764b66ac0d52a47399286180" title="CodeToDiagramRequireOnce" alt="" coords="637,56,824,83">
<area shape="rect" id="node19" href="$class_code_to_diagram.html#421831a265621325e1fdd19aace0c758" title="__destruct" alt="" coords="304,208,384,235">
