<area shape="rect" id="node3" href="$class_code_to_diagram.html#46cc51b5da83819fed739bd1d8b1d2ca" title="CodeToDiagram::loadFile" alt="" coords="156,31,319,57">
<area shape="rect" id="node13" href="$class_loader.html#81cf2501edc14f921358cabcb69cc621" title="Loader::requireOnce" alt="" coords="171,81,304,108">
<area shape="rect" id="node5" href="$class_code_to_diagram.html#cbf7ee26453936ec8211ff606f3ed6d3" title="CodeToDiagram::CodeToDiagramInclude" alt="" coords="371,5,621,32">
<area shape="rect" id="node7" href="$class_code_to_diagram.html#14610b43e210992a460d7eebbbe3c167" title="CodeToDiagram::CodeToDiagramRequire" alt="" coords="368,56,624,83">
<area shape="rect" id="node9" href="$class_code_to_diagram.html#f51b27f0764b66ac0d52a47399286180" title="CodeToDiagram::CodeToDiagramRequireOnce" alt="" coords="673,56,956,83">
<area shape="rect" id="node11" href="$class_code_to_diagram.html#f8fa59992209e36dccb3eefb0f75531f" title="CodeToDiagram::start" alt="" coords="1005,56,1149,83">
