<area shape="rect" id="node3" href="dir_455805a847cb0f261fd1c1f664f093b8.html" title="backtrace" alt="" coords="907,37,981,85">
<area shape="rect" id="node4" href="dir_9c182f2b4e0e1d36f6e1886f5794411c.html" title="codeInstrumentation" alt="" coords="749,37,883,85">
<area shape="rect" id="node5" href="dir_60a2fb2eb9ed7314b32afb24ac0f2352.html" title="codeReflection" alt="" coords="621,37,725,85">
<area shape="rect" id="node6" href="dir_a48b134e90401494c1d7e6cb884856d0.html" title="codeToDiagram" alt="" coords="488,37,597,85">
<area shape="rect" id="node7" href="dir_ecad1023ed2b9e8fae27260f27110371.html" title="extendedReflection" alt="" coords="339,37,464,85">
<area shape="rect" id="node8" href="dir_1cb2393dbeeef4a68bc2daffd47cdf59.html" title="library" alt="" coords="243,37,315,85">
<area shape="rect" id="node9" href="dir_74aa68e606a65cacb4851cb582ae9e57.html" title="loader" alt="" coords="147,37,219,85">
<area shape="rect" id="node10" href="dir_69dc8172d6ecc1c337debb60b31d181b.html" title="xmlSequence" alt="" coords="27,37,123,85">
<area shape="rect" id="graph2" href="dir_5952676466667a7dac4d2b5465cc4c58.html" alt="" coords="16,16,1107,96">
